
> client@0.1.0 build
> next build

  Γû▓ Next.js 14.2.35

   Creating an optimized production build ...
node.exe : Failed to compile.
At C:\Program Files\nodejs\npm.ps1:29 char:3
+   & $NODE_EXE $NPM_CLI_JS $args
+   ~~~~~~~~~~~~~~~~~~~~~~~~~~~~~
    + CategoryInfo          : NotSpecified: (Failed t 
   o compile.:String) [], RemoteException
    + FullyQualifiedErrorId : NativeCommandError
 

./node_modules/framer-motion/dist/es/gestures/drag/Vis
ualElementDragControls.mjs
Attempted import error: 'isElementKeyboardAccessible' 
is not exported from 'motion-dom' (imported as 
'isElementKeyboardAccessible').

Import trace for requested module:
./node_modules/framer-motion/dist/es/gestures/drag/Vis
ualElementDragControls.mjs
./node_modules/framer-motion/dist/es/gestures/drag/ind
ex.mjs
./node_modules/framer-motion/dist/es/motion/features/d
rag.mjs
./node_modules/framer-motion/dist/es/render/dom/featur
es-max.mjs
./node_modules/framer-motion/dist/es/index.mjs
./src/app/dashboard/admin/page.tsx


> Build failed because of webpack errors
