
> client@0.1.0 build
> next build

  Γû▓ Next.js 14.2.35

   Creating an optimized production build ...
 Γ£ô Compiled successfully
   Linting and checking validity of types ...
node.exe : 
At C:\Program 
Files\nodejs\npm.ps1:29 
char:3
+   & $NODE_EXE $NPM_CLI_JS 
$args
+   
~~~~~~~~~~~~~~~~~~~~~~~~~~~~~
    + CategoryInfo           
   : NotSpecified: (:String  
  ) [], RemoteException
    + FullyQualifiedErrorId  
   : NativeCommandError
 
Failed to compile.

./src/components/admin/EditUs
erModal.tsx
31:52  Error: Unexpected 
any. Specify a different 
type.  @typescript-eslint/no-
explicit-any
55:22  Error: 'err' is 
defined but never used.  @typ
escript-eslint/no-unused-vars
69:31  Error: Unexpected 
any. Specify a different 
type.  @typescript-eslint/no-
explicit-any
70:31  Error: Unexpected 
any. Specify a different 
type.  @typescript-eslint/no-
explicit-any
71:35  Error: Unexpected 
any. Specify a different 
type.  @typescript-eslint/no-
explicit-any
80:23  Error: Unexpected 
any. Specify a different 
type.  @typescript-eslint/no-
explicit-any

./src/components/mentor/Creat
eEventModal.tsx
74:22  Error: 'err' is 
defined but never used.  @typ
escript-eslint/no-unused-vars

./src/components/mentor/EditE
ventThemeModal.tsx
56:23  Error: Unexpected 
any. Specify a different 
type.  @typescript-eslint/no-
explicit-any
102:92  Error: `"` can be 
escaped with `&quot;`, 
`&ldquo;`, `&#34;`, 
`&rdquo;`.  
react/no-unescaped-entities
102:105  Error: `"` can be 
escaped with `&quot;`, 
`&ldquo;`, `&#34;`, 
`&rdquo;`.  
react/no-unescaped-entities

./src/components/mentor/Mento
rSettings.tsx
69:22  Error: 'err' is 
defined but never used.  @typ
escript-eslint/no-unused-vars
92:18  Error: 'err' is 
defined but never used.  @typ
escript-eslint/no-unused-vars

./src/components/mentor/Profi
leModal.tsx
35:22  Error: 'err' is 
defined but never used.  @typ
escript-eslint/no-unused-vars
57:23  Error: Unexpected 
any. Specify a different 
type.  @typescript-eslint/no-
explicit-any

./src/components/mentor/Submi
ssionManagement.tsx
5:75  Error: 'Filter' is 
defined but never used.  @typ
escript-eslint/no-unused-vars
40:18  Error: 'error' is 
defined but never used.  @typ
escript-eslint/no-unused-vars
45:53  Error: Unexpected 
any. Specify a different 
type.  @typescript-eslint/no-
explicit-any
53:54  Error: Unexpected 
any. Specify a different 
type.  @typescript-eslint/no-
explicit-any

./src/lib/submissionService.t
s
12:26  Error: Unexpected 
any. Specify a different 
type.  @typescript-eslint/no-
explicit-any

info  - Need to disable some 
ESLint rules? Learn more 
here: https://nextjs.org/docs
/basic-features/eslint#disabl
ing-rules
